[06-Sep-2026 09:14:31 America/Caracas] PHP Warning:  require_once(C:\xampp\htdocs\reporte-incidencias\backend\api/../db/conexion.php): Failed to open stream: No such file or directory in C:\xampp\htdocs\reporte-incidencias\backend\api\auth.php on line 15
[06-Sep-2026 09:14:31 America/Caracas] PHP Fatal error:  Uncaught Error: Failed opening required 'C:\xampp\htdocs\reporte-incidencias\backend\api/../db/conexion.php' (include_path='C:\xampp\php\PEAR') in C:\xampp\htdocs\reporte-incidencias\backend\api\auth.php:15
Stack trace:
#0 {main}
  thrown in C:\xampp\htdocs\reporte-incidencias\backend\api\auth.php on line 15
[06-Sep-2026 09:14:37 America/Caracas] PHP Warning:  require_once(C:\xampp\htdocs\reporte-incidencias\backend\api/../db/conexion.php): Failed to open stream: No such file or directory in C:\xampp\htdocs\reporte-incidencias\backend\api\auth.php on line 15
[06-Sep-2026 09:14:37 America/Caracas] PHP Fatal error:  Uncaught Error: Failed opening required 'C:\xampp\htdocs\reporte-incidencias\backend\api/../db/conexion.php' (include_path='C:\xampp\php\PEAR') in C:\xampp\htdocs\reporte-incidencias\backend\api\auth.php:15
Stack trace:
#0 {main}
  thrown in C:\xampp\htdocs\reporte-incidencias\backend\api\auth.php on line 15
[06-Sep-2026 09:16:20 America/Caracas] PHP Warning:  require_once(C:\xampp\htdocs\reporte-incidencias\backend\api/../db/conexion.php): Failed to open stream: No such file or directory in C:\xampp\htdocs\reporte-incidencias\backend\api\auth.php on line 15
[06-Sep-2026 09:16:20 America/Caracas] PHP Fatal error:  Uncaught Error: Failed opening required 'C:\xampp\htdocs\reporte-incidencias\backend\api/../db/conexion.php' (include_path='C:\xampp\php\PEAR') in C:\xampp\htdocs\reporte-incidencias\backend\api\auth.php:15
Stack trace:
#0 {main}
  thrown in C:\xampp\htdocs\reporte-incidencias\backend\api\auth.php on line 15
[06-Sep-2026 09:22:00 America/Caracas] PHP Warning:  require_once(C:\xampp\htdocs\reporte-incidencias\backend\api/../db/conexion.php): Failed to open stream: No such file or directory in C:\xampp\htdocs\reporte-incidencias\backend\api\auth.php on line 17
[06-Sep-2026 09:22:00 America/Caracas] PHP Fatal error:  Uncaught Error: Failed opening required 'C:\xampp\htdocs\reporte-incidencias\backend\api/../db/conexion.php' (include_path='C:\xampp\php\PEAR') in C:\xampp\htdocs\reporte-incidencias\backend\api\auth.php:17
Stack trace:
#0 {main}
  thrown in C:\xampp\htdocs\reporte-incidencias\backend\api\auth.php on line 17
[06-Sep-2026 09:26:00 America/Caracas] PHP Warning:  require_once(C:\xampp\htdocs\reporte-incidencias\backend\api/../db/conexion.php): Failed to open stream: No such file or directory in C:\xampp\htdocs\reporte-incidencias\backend\api\auth.php on line 17
[06-Sep-2026 09:26:00 America/Caracas] PHP Fatal error:  Uncaught Error: Failed opening required 'C:\xampp\htdocs\reporte-incidencias\backend\api/../db/conexion.php' (include_path='C:\xampp\php\PEAR') in C:\xampp\htdocs\reporte-incidencias\backend\api\auth.php:17
Stack trace:
#0 {main}
  thrown in C:\xampp\htdocs\reporte-incidencias\backend\api\auth.php on line 17
[06-Sep-2026 09:28:08 America/Caracas] PHP Warning:  require_once(C:\xampp\htdocs\reporte-incidencias\backend\api/../db/conexion.php): Failed to open stream: No such file or directory in C:\xampp\htdocs\reporte-incidencias\backend\api\auth.php on line 17
[06-Sep-2026 09:28:08 America/Caracas] PHP Fatal error:  Uncaught Error: Failed opening required 'C:\xampp\htdocs\reporte-incidencias\backend\api/../db/conexion.php' (include_path='C:\xampp\php\PEAR') in C:\xampp\htdocs\reporte-incidencias\backend\api\auth.php:17
Stack trace:
#0 {main}
  thrown in C:\xampp\htdocs\reporte-incidencias\backend\api\auth.php on line 17
[06-Sep-2026 09:30:38 America/Caracas] PHP Warning:  require_once(C:\xampp\htdocs\reporte-incidencias\backend\api/../db/conexion.php): Failed to open stream: No such file or directory in C:\xampp\htdocs\reporte-incidencias\backend\api\auth.php on line 17
[06-Sep-2026 09:30:38 America/Caracas] PHP Fatal error:  Uncaught Error: Failed opening required 'C:\xampp\htdocs\reporte-incidencias\backend\api/../db/conexion.php' (include_path='C:\xampp\php\PEAR') in C:\xampp\htdocs\reporte-incidencias\backend\api\auth.php:17
Stack trace:
#0 {main}
  thrown in C:\xampp\htdocs\reporte-incidencias\backend\api\auth.php on line 17
[06-Sep-2026 09:32:01 America/Caracas] PHP Warning:  require_once(C:\xampp\htdocs\reporte-incidencias\backend\api/../db/conexion.php): Failed to open stream: No such file or directory in C:\xampp\htdocs\reporte-incidencias\backend\api\auth.php on line 17
[06-Sep-2026 09:32:01 America/Caracas] PHP Fatal error:  Uncaught Error: Failed opening required 'C:\xampp\htdocs\reporte-incidencias\backend\api/../db/conexion.php' (include_path='C:\xampp\php\PEAR') in C:\xampp\htdocs\reporte-incidencias\backend\api\auth.php:17
Stack trace:
#0 {main}
  thrown in C:\xampp\htdocs\reporte-incidencias\backend\api\auth.php on line 17
[06-Sep-2026 09:33:49 America/Caracas] PHP Warning:  require_once(C:\xampp\htdocs\reporte-incidencias\backend\api/../db/conexion.php): Failed to open stream: No such file or directory in C:\xampp\htdocs\reporte-incidencias\backend\api\auth.php on line 17
[06-Sep-2026 09:33:49 America/Caracas] PHP Fatal error:  Uncaught Error: Failed opening required 'C:\xampp\htdocs\reporte-incidencias\backend\api/../db/conexion.php' (include_path='C:\xampp\php\PEAR') in C:\xampp\htdocs\reporte-incidencias\backend\api\auth.php:17
Stack trace:
#0 {main}
  thrown in C:\xampp\htdocs\reporte-incidencias\backend\api\auth.php on line 17
[06-Sep-2026 09:36:04 America/Caracas] PHP Warning:  require_once(C:\xampp\htdocs\reporte-incidencias\backend\api/../db/conexion.php): Failed to open stream: No such file or directory in C:\xampp\htdocs\reporte-incidencias\backend\api\auth.php on line 17
[06-Sep-2026 09:36:04 America/Caracas] PHP Fatal error:  Uncaught Error: Failed opening required 'C:\xampp\htdocs\reporte-incidencias\backend\api/../db/conexion.php' (include_path='C:\xampp\php\PEAR') in C:\xampp\htdocs\reporte-incidencias\backend\api\auth.php:17
Stack trace:
#0 {main}
  thrown in C:\xampp\htdocs\reporte-incidencias\backend\api\auth.php on line 17
